---
source: crates/rome_js_formatter/tests/prettier_tests.rs
info:
  test_file: js/conditional/comments.js
---

# Input

```js
var inspect = 4 === util.inspect.length
  ? // node <= 0.8.x
    (function(v, colors) {
      return util.inspect(v, void 0, void 0, colors);
    })
  : // node > 0.8.x
    (function(v, colors) {
      return util.inspect(v, { colors: colors });
    });

var inspect = 4 === util.inspect.length
  ? // node <= 0.8.x
    (function(v, colors) {
      return util.inspect(v, void 0, void 0, colors);
    })
  : // node > 0.8.x
    (function(v, colors) {
      return util.inspect(v, { colors: colors });
    });

const extractTextPluginOptions = shouldUseRelativeAssetPaths
  // Making sure that the publicPath goes back to to build folder.
  ? { publicPath: Array(cssFilename.split('/').length).join('../') } :
  {};

const extractTextPluginOptions2 = shouldUseRelativeAssetPaths
  ? // Making sure that the publicPath goes back to to build folder.
    { publicPath: Array(cssFilename.split("/").length).join("../") }
  : {};

const extractTextPluginOptions3 = shouldUseRelativeAssetPaths // Making sure that the publicPath goes back to to build folder.
  ? { publicPath: Array(cssFilename.split("/").length).join("../") }
  : {};

const { configureStore } = process.env.NODE_ENV === "production"
  ? require("./configureProdStore") // a
  : require("./configureDevStore"); // b

test /* comment
  comment
      comment
*/
  ? foo
  : bar;

test
  ? /* comment
          comment
    comment
          comment
  */
    foo
  : bar;

test
  ? /* comment
       comment
       comment
       comment
    */
    foo
  : test
  ? /* comment
  comment
    comment */
    foo
  : bar;

test
  ? /* comment */
    foo
  : bar;

test
  ? foo
  : /* comment
         comment
     comment
           comment
    */
  bar;

test
  ? foo
  : /* comment
         comment
     comment
           comment
    */
  test
  ? foo
  : /* comment
  comment
    comment
   */
    bar;

test
  ? foo
  : /* comment */
  bar;

test ? test /* c
c */? foo : bar : bar;
```


# Prettier differences

```diff
--- Prettier
+++ Rome
@@ -21,8 +21,8 @@
       };
 
 const extractTextPluginOptions = shouldUseRelativeAssetPaths
-  ? // Making sure that the publicPath goes back to to build folder.
-    { publicPath: Array(cssFilename.split("/").length).join("../") }
+// Making sure that the publicPath goes back to to build folder.
+  ? { publicPath: Array(cssFilename.split("/").length).join("../") }
   : {};
 
 const extractTextPluginOptions2 = shouldUseRelativeAssetPaths
```

# Output

```js
var inspect =
  4 === util.inspect.length
    ? // node <= 0.8.x
      function (v, colors) {
        return util.inspect(v, void 0, void 0, colors);
      }
    : // node > 0.8.x
      function (v, colors) {
        return util.inspect(v, { colors: colors });
      };

var inspect =
  4 === util.inspect.length
    ? // node <= 0.8.x
      function (v, colors) {
        return util.inspect(v, void 0, void 0, colors);
      }
    : // node > 0.8.x
      function (v, colors) {
        return util.inspect(v, { colors: colors });
      };

const extractTextPluginOptions = shouldUseRelativeAssetPaths
// Making sure that the publicPath goes back to to build folder.
  ? { publicPath: Array(cssFilename.split("/").length).join("../") }
  : {};

const extractTextPluginOptions2 = shouldUseRelativeAssetPaths
  ? // Making sure that the publicPath goes back to to build folder.
    { publicPath: Array(cssFilename.split("/").length).join("../") }
  : {};

const extractTextPluginOptions3 = shouldUseRelativeAssetPaths // Making sure that the publicPath goes back to to build folder.
  ? { publicPath: Array(cssFilename.split("/").length).join("../") }
  : {};

const { configureStore } =
  process.env.NODE_ENV === "production"
    ? require("./configureProdStore") // a
    : require("./configureDevStore"); // b

test /* comment
  comment
      comment
*/
  ? foo
  : bar;

test
  ? /* comment
          comment
    comment
          comment
  */
    foo
  : bar;

test
  ? /* comment
       comment
       comment
       comment
    */
    foo
  : test
  ? /* comment
  comment
    comment */
    foo
  : bar;

test ? /* comment */ foo : bar;

test
  ? foo
  : /* comment
         comment
     comment
           comment
    */
    bar;

test
  ? foo
  : /* comment
         comment
     comment
           comment
    */
  test
  ? foo
  : /* comment
  comment
    comment
   */
    bar;

test ? foo : /* comment */ bar;

test
  ? test /* c
c */
    ? foo
    : bar
  : bar;
```


# Lines exceeding max width of 80 characters
```
   33: const extractTextPluginOptions3 = shouldUseRelativeAssetPaths // Making sure that the publicPath goes back to to build folder.
```

