---
source: crates/rome_js_formatter/tests/prettier_tests.rs
---

# Input

```js
const myLongVariableName = /** @type {ThisIsAVeryLongTypeThatShouldTriggerLineWrapping} */ (fooBarBaz);

function jsdocCastInReturn() {
  return /** @type {ThisIsAVeryLongTypeThatShouldTriggerLineWrapping} */ (fooBarBaz);
}

const myLongVariableName = /** @type {ThisIsAVeryLongTypeThatShouldTriggerLineWrapping} */
      (fooBarBaz);

function jsdocCastInReturn() {
  return (/** @type {ThisIsAVeryLongTypeThatShouldTriggerLineWrapping} */
    (fooBarBaz));
}

const myLongVariableName = /** @type {ThisIsAVeryLongTypeThatShouldTriggerLineWrapping} */
      (fooBarBaz);

function jsdocCastInReturn() {
  return (/** @type {ThisIsAVeryLongTypeThatShouldTriggerLineWrapping} */
    (fooBarBaz));
}
```


# Prettier differences

```diff
--- Prettier
+++ Rome
@@ -13,8 +13,7 @@
 
 function jsdocCastInReturn() {
   return (
-    /** @type {ThisIsAVeryLongTypeThatShouldTriggerLineWrapping} */
-    (fooBarBaz)
+    /** @type {ThisIsAVeryLongTypeThatShouldTriggerLineWrapping} */ (fooBarBaz)
   );
 }
 
@@ -24,7 +23,6 @@
 
 function jsdocCastInReturn() {
   return (
-    /** @type {ThisIsAVeryLongTypeThatShouldTriggerLineWrapping} */
-    (fooBarBaz)
+    /** @type {ThisIsAVeryLongTypeThatShouldTriggerLineWrapping} */ (fooBarBaz)
   );
 }
```

# Output

```js
const myLongVariableName =
  /** @type {ThisIsAVeryLongTypeThatShouldTriggerLineWrapping} */ (fooBarBaz);

function jsdocCastInReturn() {
  return /** @type {ThisIsAVeryLongTypeThatShouldTriggerLineWrapping} */ (
    fooBarBaz
  );
}

const myLongVariableName =
  /** @type {ThisIsAVeryLongTypeThatShouldTriggerLineWrapping} */
  (fooBarBaz);

function jsdocCastInReturn() {
  return (
    /** @type {ThisIsAVeryLongTypeThatShouldTriggerLineWrapping} */ (fooBarBaz)
  );
}

const myLongVariableName =
  /** @type {ThisIsAVeryLongTypeThatShouldTriggerLineWrapping} */
  (fooBarBaz);

function jsdocCastInReturn() {
  return (
    /** @type {ThisIsAVeryLongTypeThatShouldTriggerLineWrapping} */ (fooBarBaz)
  );
}
```



