---
source: crates/rome_js_formatter/tests/prettier_tests.rs
info:
  test_file: js/return/comment.js
---

# Input

```js
function f() {
  return /* a */;
}

function f() {
  return // a
  ;
}

function f() {
  return // a
  /* b */;
}

function f() {
  return /* a */
  // b
  ;
}

function x() {
  return func2
      //comment
      .bar();
}

function f() {
  return (
    foo
      // comment
      .bar()
  );
}

fn(function f() {
  return (
    foo
      // comment
      .bar()
  );
});
```


# Prettier differences

```diff
--- Prettier
+++ Rome
@@ -17,25 +17,19 @@
 }
 
 function x() {
-  return (
-    func2
-      //comment
-      .bar()
-  );
+  return func2
+  //comment
+  .bar();
 }
 
 function f() {
-  return (
-    foo
-      // comment
-      .bar()
-  );
+  return foo
+  // comment
+  .bar();
 }
 
 fn(function f() {
-  return (
-    foo
-      // comment
-      .bar()
-  );
+  return foo
+  // comment
+  .bar();
 });
```

# Output

```js
function f() {
  return /* a */;
}

function f() {
  return; // a
}

function f() {
  return // a
  /* b */;
}

function f() {
  return; /* a */
  // b
}

function x() {
  return func2
  //comment
  .bar();
}

function f() {
  return foo
  // comment
  .bar();
}

fn(function f() {
  return foo
  // comment
  .bar();
});
```



